// Jest Snapshot v1, https://goo.gl/fbAQLP

exports[`FrontPage FrontPageInner should render 1`] = `
<Fragment>
  <Component
    title=""
  />
  <Component
    tagline="Search React.js conference videos."
    title="React.js Videos"
    titleLink="/#/search"
  />
  <Component>
    <Component
      filterValue=""
      onChange={[Function]}
    />
    <Component
      conferences={
        Object {
          "x": Object {
            "date": "XX/YY/ZZZ",
            "playlist": "day 1",
            "title": "react conf 2018",
            "videos": Array [
              "aaa",
              "bbb",
              "ccc",
            ],
            "website": "fake url",
          },
        }
      }
    />
    <Component
      conferences={
        Object {
          "x": Object {
            "date": "XX/YY/ZZZ",
            "playlist": "day 1",
            "title": "react conf 2018",
            "videos": Array [
              "aaa",
              "bbb",
              "ccc",
            ],
            "website": "fake url",
          },
        }
      }
    />
  </Component>
</Fragment>
`;
