// Jest Snapshot v1, https://goo.gl/fbAQLP

exports[`Logo should render 1`] = `
<MemoryRouter
  initialEntries={
    Array [
      Object {
        "key": "xxxx",
      },
    ]
  }
>
  <Router
    history={
      Object {
        "action": "POP",
        "block": [Function],
        "canGo": [Function],
        "createHref": [Function],
        "entries": Array [
          Object {
            "hash": "",
            "key": "xxxx",
            "pathname": "/",
            "search": "",
          },
        ],
        "go": [Function],
        "goBack": [Function],
        "goForward": [Function],
        "index": 0,
        "length": 1,
        "listen": [Function],
        "location": Object {
          "hash": "",
          "key": "xxxx",
          "pathname": "/",
          "search": "",
        },
        "push": [Function],
        "replace": [Function],
      }
    }
  >
    <Component>
      <Link
        aria-label="Reactjs Videos Homepage"
        className="logoLink"
        to="/search"
      >
        <a
          aria-label="Reactjs Videos Homepage"
          className="logoLink"
          href="/search"
          onClick={[Function]}
        >
          <div
            className="logo"
          >
            RV
          </div>
        </a>
      </Link>
    </Component>
  </Router>
</MemoryRouter>
`;
